projects/jeepney/0.7.1/installers.json
projects/jeepney/0.7.1/python3*.json
projects/jeepney/0.7.1/python36.json
projects/jeepney/0.7.1/python37.json
projects/jeepney/0.7.1/python38.json
projects/jeepney/0.7.1/python39.json
projects/jeepney/test.py
projects/keyring/23.1.0/installers.json
projects/keyring/23.1.0/python3*.json
projects/keyring/23.1.0/python36.json
projects/keyring/23.1.0/python37.json
projects/keyring/23.1.0/python38.json
projects/keyring/23.1.0/python39.json
projects/keyring/test.py
projects/pywin32-ctypes/0.2.0/installers.json
projects/pywin32-ctypes/0.2.0/python3*.json
projects/pywin32-ctypes/0.2.0/python36.json
projects/pywin32-ctypes/0.2.0/python37.json
projects/pywin32-ctypes/0.2.0/python38.json
projects/pywin32-ctypes/0.2.0/python39.json
projects/pywin32-ctypes/test.py
projects/readme-renderer/29.0/installers.json
projects/readme-renderer/29.0/python3*.json
projects/readme-renderer/29.0/python36.json
projects/readme-renderer/29.0/python37.json
projects/readme-renderer/29.0/python38.json
projects/readme-renderer/29.0/python39.json
projects/readme-renderer/test.py
projects/secretstorage/3.3.1/installers.json
projects/secretstorage/3.3.1/python3*.json
projects/secretstorage/3.3.1/python36.json
projects/secretstorage/3.3.1/python37.json
projects/secretstorage/3.3.1/python38.json
projects/secretstorage/3.3.1/python39.json
projects/secretstorage/test.py
projects/twine/3.4.2/installers.json
projects/twine/3.4.2/python3*.json
projects/twine/3.4.2/python36.json
projects/twine/3.4.2/python37.json
projects/twine/3.4.2/python38.json
projects/twine/3.4.2/python39.json
projects/twine/test.py
projects/astunparse/1.6.3/installers.json
projects/astunparse/1.6.3/python3*.json
projects/astunparse/1.6.3/python36.json
projects/astunparse/1.6.3/python37.json
projects/astunparse/1.6.3/python38.json
projects/astunparse/1.6.3/python39.json
projects/astunparse/test.py
projects/clang/5.0/installers.json
projects/clang/5.0/python3*.json
projects/clang/5.0/python36.json
projects/clang/5.0/python37.json
projects/clang/5.0/python38.json
projects/clang/5.0/python39.json
projects/clang/test.py
projects/flatbuffers/1.12/installers.json
projects/flatbuffers/1.12/python3*.json
projects/flatbuffers/1.12/python36.json
projects/flatbuffers/1.12/python37.json
projects/flatbuffers/1.12/python38.json
projects/flatbuffers/1.12/python39.json
projects/flatbuffers/test.py
projects/gast/0.4.0/installers.json
projects/gast/0.4.0/python3*.json
projects/gast/0.4.0/python36.json
projects/gast/0.4.0/python37.json
projects/gast/0.4.0/python38.json
projects/gast/0.4.0/python39.json
projects/grpcio/1.40.0/installers.json
projects/grpcio/1.40.0/python3*.json
projects/grpcio/1.40.0/python36.json
projects/grpcio/1.40.0/python37.json
projects/grpcio/1.40.0/python38.json
projects/grpcio/1.40.0/python39.json
projects/h5py/3.1.0/installers.json
projects/h5py/3.1.0/python3*.json
projects/h5py/3.1.0/python36.json
projects/h5py/3.1.0/python37.json
projects/h5py/3.1.0/python38.json
projects/h5py/3.1.0/python39.json
projects/keras-preprocessing/1.1.2/installers.json
projects/keras-preprocessing/1.1.2/python3*.json
projects/keras-preprocessing/1.1.2/python36.json
projects/keras-preprocessing/1.1.2/python37.json
projects/keras-preprocessing/1.1.2/python38.json
projects/keras-preprocessing/1.1.2/python39.json
projects/keras-preprocessing/test.py
projects/keras/2.6.0/installers.json
projects/keras/2.6.0/python3*.json
projects/keras/2.6.0/python36.json
projects/keras/2.6.0/python37.json
projects/keras/2.6.0/python38.json
projects/keras/2.6.0/python39.json
projects/keras/test.py
projects/numpy/1.19.5/python37.json
projects/numpy/1.19.5/python38.json
projects/numpy/1.19.5/python39.json
projects/opt-einsum/3.3.0/installers.json
projects/opt-einsum/3.3.0/python3*.json
projects/opt-einsum/3.3.0/python36.json
projects/opt-einsum/3.3.0/python37.json
projects/opt-einsum/3.3.0/python38.json
projects/opt-einsum/3.3.0/python39.json
projects/opt-einsum/test.py
projects/six/1.15.0/installers.json
projects/six/1.15.0/python3*.json
projects/six/1.15.0/python36.json
projects/six/1.15.0/python37.json
projects/six/1.15.0/python38.json
projects/six/1.15.0/python39.json
projects/tensorflow-estimator/2.6.0/installers.json
projects/tensorflow-estimator/2.6.0/python3*.json
projects/tensorflow-estimator/2.6.0/python36.json
projects/tensorflow-estimator/2.6.0/python37.json
projects/tensorflow-estimator/2.6.0/python38.json
projects/tensorflow-estimator/2.6.0/python39.json
projects/tensorflow-estimator/test.py
projects/tensorflow/2.6.0/installers.json
projects/tensorflow/2.6.0/python3*.json
projects/tensorflow/2.6.0/python36.json
projects/tensorflow/2.6.0/python37.json
projects/tensorflow/2.6.0/python38.json
projects/tensorflow/2.6.0/python39.json
projects/tensorflow/test.py
projects/typing-extensions/3.7.4.3/installers.json
projects/typing-extensions/3.7.4.3/python3*.json
projects/typing-extensions/3.7.4.3/python36.json
projects/typing-extensions/3.7.4.3/python37.json
projects/typing-extensions/3.7.4.3/python38.json
projects/typing-extensions/3.7.4.3/python39.json
projects/backports-entry-points-selectable/1.1.0/installers.json
projects/backports-entry-points-selectable/1.1.0/python3*.json
projects/backports-entry-points-selectable/1.1.0/python36.json
projects/backports-entry-points-selectable/1.1.0/python37.json
projects/backports-entry-points-selectable/1.1.0/python38.json
projects/backports-entry-points-selectable/1.1.0/python39.json
projects/backports-entry-points-selectable/test.py
projects/distlib/0.3.2/installers.json
projects/distlib/0.3.2/python3*.json
projects/distlib/0.3.2/python36.json
projects/distlib/0.3.2/python37.json
projects/distlib/0.3.2/python38.json
projects/distlib/0.3.2/python39.json
projects/distlib/test.py
projects/platformdirs/2.3.0/python36.json
projects/tox/3.24.3/installers.json
projects/tox/3.24.3/python3*.json
projects/tox/3.24.3/python36.json
projects/tox/3.24.3/python37.json
projects/tox/3.24.3/python38.json
projects/tox/3.24.3/python39.json
projects/tox/test.py
projects/virtualenv/20.7.2/installers.json
projects/virtualenv/20.7.2/python3*.json
projects/virtualenv/20.7.2/python36.json
projects/virtualenv/20.7.2/python37.json
projects/virtualenv/20.7.2/python38.json
projects/virtualenv/20.7.2/python39.json
projects/virtualenv/test.py
projects/isort/5.8.0/installers.json
projects/isort/5.8.0/python3*.json
projects/isort/5.8.0/python36.json
projects/platformdirs/2.3.0/python36.json
projects/pylint/2.10.2/installers.json
projects/pylint/2.10.2/python3*.json
projects/pylint/2.10.2/python36.json
projects/pylint/2.10.2/python37.json
projects/pylint/2.10.2/python38.json
projects/pylint/2.10.2/python39.json
projects/pylint/test.py
projects/pydantic/1.8.2/installers.json
projects/pydantic/1.8.2/python3*.json
projects/pydantic/1.8.2/python37.json
projects/pydantic/1.8.2/python38.json
projects/pydantic/1.8.2/python39.json
projects/pydantic/test.py
projects/mypy/0.910/installers.json
projects/mypy/0.910/python3*.json
projects/mypy/0.910/python36.json
projects/mypy/0.910/python37.json
projects/mypy/0.910/python38.json
projects/mypy/0.910/python39.json
projects/mypy/test.py
projects/pywavelets/1.1.1/installers.json
projects/pywavelets/1.1.1/python3*.json
projects/pywavelets/1.1.1/python37.json
projects/pywavelets/1.1.1/python38.json
projects/pywavelets/1.1.1/python39.json
projects/pywavelets/test.py
projects/scikit-image/0.18.3/installers.json
projects/scikit-image/0.18.3/python3*.json
projects/scikit-image/0.18.3/python37.json
projects/scikit-image/0.18.3/python38.json
projects/scikit-image/0.18.3/python39.json
projects/scikit-image/test.py
projects/tifffile/2021.8.30/installers.json
projects/tifffile/2021.8.30/python3*.json
projects/tifffile/2021.8.30/python37.json
projects/tifffile/2021.8.30/python38.json
projects/tifffile/2021.8.30/python39.json
projects/tifffile/test.py
projects/backports-entry-points-selectable/1.1.0/installers.json
projects/backports-entry-points-selectable/1.1.0/python3*.json
projects/backports-entry-points-selectable/1.1.0/python37.json
projects/backports-entry-points-selectable/1.1.0/python38.json
projects/backports-entry-points-selectable/1.1.0/python39.json
projects/backports-entry-points-selectable/test.py
projects/distlib/0.3.2/installers.json
projects/distlib/0.3.2/python3*.json
projects/distlib/0.3.2/python37.json
projects/distlib/0.3.2/python38.json
projects/distlib/0.3.2/python39.json
projects/distlib/test.py
projects/identify/2.2.14/installers.json
projects/identify/2.2.14/python3*.json
projects/identify/2.2.14/python37.json
projects/identify/2.2.14/python38.json
projects/identify/2.2.14/python39.json
projects/identify/test.py
projects/nodeenv/1.6.0/installers.json
projects/nodeenv/1.6.0/python3*.json
projects/nodeenv/1.6.0/python37.json
projects/nodeenv/1.6.0/python38.json
projects/nodeenv/1.6.0/python39.json
projects/nodeenv/test.py
projects/pre-commit/2.15.0/installers.json
projects/pre-commit/2.15.0/python3*.json
projects/pre-commit/2.15.0/python37.json
projects/pre-commit/2.15.0/python38.json
projects/pre-commit/2.15.0/python39.json
projects/pre-commit/test.py
projects/virtualenv/20.7.2/installers.json
projects/virtualenv/20.7.2/python3*.json
projects/virtualenv/20.7.2/python37.json
projects/virtualenv/20.7.2/python38.json
projects/virtualenv/20.7.2/python39.json
projects/virtualenv/test.py
projects/llvmlite/0.37.0/installers.json
projects/llvmlite/0.37.0/python3*.json
projects/llvmlite/0.37.0/python37.json
projects/llvmlite/0.37.0/python38.json
projects/llvmlite/0.37.0/python39.json
projects/llvmlite/test.py
projects/numba/0.54.0/python3*.json
projects/numba/0.54.0/python37.json
projects/numba/0.54.0/python38.json
projects/numba/0.54.0/python39.json
projects/numba/test.py
projects/numpy/1.20.3/installers.json
projects/numpy/1.20.3/python3*.json
projects/numpy/1.20.3/python37.json
projects/numpy/1.20.3/python38.json
projects/numpy/1.20.3/python39.json
projects/pyserial/3.5/installers.json
projects/pyserial/3.5/python3*.json
projects/pyserial/3.5/python36.json
projects/pyserial/3.5/python37.json
projects/pyserial/3.5/python38.json
projects/pyserial/3.5/python39.json
projects/pyserial/test.py
projects/et-xmlfile/1.1.0/installers.json
projects/et-xmlfile/1.1.0/python3*.json
projects/et-xmlfile/1.1.0/python36.json
projects/et-xmlfile/1.1.0/python37.json
projects/et-xmlfile/1.1.0/python38.json
projects/et-xmlfile/1.1.0/python39.json
projects/et-xmlfile/test.py
projects/openpyxl/3.0.7/python3*.json
projects/openpyxl/3.0.7/python36.json
projects/openpyxl/3.0.7/python37.json
projects/openpyxl/3.0.7/python38.json
projects/openpyxl/3.0.7/python39.json
projects/openpyxl/test.py
projects/paramiko/2.7.2/installers.json
projects/paramiko/2.7.2/python3*.json
projects/paramiko/2.7.2/python36.json
projects/paramiko/2.7.2/python37.json
projects/paramiko/2.7.2/python38.json
projects/paramiko/2.7.2/python39.json
projects/paramiko/test.py
projects/pyqt5-qt5/5.15.2/installers.json
projects/pyqt5-qt5/5.15.2/python3*.json
projects/pyqt5-qt5/5.15.2/python36.json
projects/pyqt5-qt5/5.15.2/python37.json
projects/pyqt5-qt5/5.15.2/python38.json
projects/pyqt5-qt5/5.15.2/python39.json
projects/pyqt5-qt5/test.py
projects/pyqt5-sip/12.9.0/installers.json
projects/pyqt5-sip/12.9.0/python3*.json
projects/pyqt5-sip/12.9.0/python36.json
projects/pyqt5-sip/12.9.0/python37.json
projects/pyqt5-sip/12.9.0/python38.json
projects/pyqt5-sip/12.9.0/python39.json
projects/pyqt5-sip/test.py
projects/pyqt5/5.15.4/installers.json
projects/pyqt5/5.15.4/python3*.json
projects/pyqt5/5.15.4/python36.json
projects/pyqt5/5.15.4/python37.json
projects/pyqt5/5.15.4/python38.json
projects/pyqt5/5.15.4/python39.json
projects/pyqt5/test.py
projects/argon2-cffi/21.1.0/installers.json
projects/argon2-cffi/21.1.0/python3*.json
projects/argon2-cffi/21.1.0/python36.json
projects/argon2-cffi/21.1.0/python37.json
projects/argon2-cffi/21.1.0/python38.json
projects/argon2-cffi/21.1.0/python39.json
projects/argon2-cffi/test.py
projects/debugpy/1.4.3/installers.json
projects/debugpy/1.4.3/python3*.json
projects/debugpy/1.4.3/python37.json
projects/debugpy/1.4.3/python38.json
projects/debugpy/1.4.3/python39.json
projects/debugpy/test.py
projects/ipykernel/5.5.5/installers.json
projects/ipykernel/5.5.5/python3*.json
projects/ipykernel/5.5.5/python36.json
projects/ipykernel/6.4.0/installers.json
projects/ipykernel/6.4.0/python3*.json
projects/ipykernel/6.4.0/python37.json
projects/ipykernel/6.4.0/python38.json
projects/ipykernel/6.4.0/python39.json
projects/ipykernel/test.py
projects/ipython-genutils/0.2.0/python37.json
projects/ipython-genutils/0.2.0/python38.json
projects/ipython-genutils/0.2.0/python39.json
projects/ipywidgets/7.6.4/installers.json
projects/ipywidgets/7.6.4/python3*.json
projects/ipywidgets/7.6.4/python36.json
projects/ipywidgets/7.6.4/python37.json
projects/ipywidgets/7.6.4/python38.json
projects/ipywidgets/7.6.4/python39.json
projects/ipywidgets/test.py
projects/jupyter-client/6.1.13/installers.json
projects/jupyter-client/6.1.13/python3*.json
projects/jupyter-client/6.1.13/python36.json
projects/jupyter-client/7.0.2/installers.json
projects/jupyter-client/7.0.2/python3*.json
projects/jupyter-client/7.0.2/python37.json
projects/jupyter-client/7.0.2/python38.json
projects/jupyter-client/7.0.2/python39.json
projects/jupyter-client/test.py
projects/jupyter-core/4.7.1/installers.json
projects/jupyter-core/4.7.1/python3*.json
projects/jupyter-core/4.7.1/python36.json
projects/jupyter-core/4.7.1/python37.json
projects/jupyter-core/4.7.1/python38.json
projects/jupyter-core/4.7.1/python39.json
projects/jupyter-core/test.py
projects/jupyterlab-pygments/0.1.2/installers.json
projects/jupyterlab-pygments/0.1.2/python3*.json
projects/jupyterlab-pygments/0.1.2/python36.json
projects/jupyterlab-pygments/0.1.2/python37.json
projects/jupyterlab-pygments/0.1.2/python38.json
projects/jupyterlab-pygments/0.1.2/python39.json
projects/jupyterlab-pygments/test.py
projects/jupyterlab-widgets/1.0.1/installers.json
projects/jupyterlab-widgets/1.0.1/python3*.json
projects/jupyterlab-widgets/1.0.1/python37.json
projects/jupyterlab-widgets/1.0.1/python38.json
projects/jupyterlab-widgets/1.0.1/python39.json
projects/jupyterlab-widgets/test.py
projects/matplotlib-inline/0.1.3/installers.json
projects/matplotlib-inline/0.1.3/python3*.json
projects/matplotlib-inline/0.1.3/python37.json
projects/matplotlib-inline/0.1.3/python38.json
projects/matplotlib-inline/0.1.3/python39.json
projects/nbclient/0.5.1/installers.json
projects/nbclient/0.5.1/python3*.json
projects/nbclient/0.5.1/python36.json
projects/nbclient/0.5.4/installers.json
projects/nbclient/0.5.4/python3*.json
projects/nbclient/0.5.4/python37.json
projects/nbclient/0.5.4/python38.json
projects/nbclient/0.5.4/python39.json
projects/nbclient/test.py
projects/nbconvert/6.0.7/installers.json
projects/nbconvert/6.0.7/python3*.json
projects/nbconvert/6.0.7/python36.json
projects/nbconvert/6.1.0/installers.json
projects/nbconvert/6.1.0/python3*.json
projects/nbconvert/6.1.0/python37.json
projects/nbconvert/6.1.0/python38.json
projects/nbconvert/6.1.0/python39.json
projects/nbconvert/test.py
projects/nbformat/5.1.3/installers.json
projects/nbformat/5.1.3/python3*.json
projects/nbformat/5.1.3/python36.json
projects/nbformat/5.1.3/python37.json
projects/nbformat/5.1.3/python38.json
projects/nbformat/5.1.3/python39.json
projects/nbformat/test.py
projects/notebook/6.4.3/installers.json
projects/notebook/6.4.3/python3*.json
projects/notebook/6.4.3/python36.json
projects/notebook/6.4.3/python37.json
projects/notebook/6.4.3/python38.json
projects/notebook/6.4.3/python39.json
projects/notebook/test.py
projects/prometheus-client/0.11.0/installers.json
projects/prometheus-client/0.11.0/python3*.json
projects/prometheus-client/0.11.0/python36.json
projects/prometheus-client/0.11.0/python37.json
projects/prometheus-client/0.11.0/python38.json
projects/prometheus-client/0.11.0/python39.json
projects/prometheus-client/test.py
projects/pywin32/301/installers.json
projects/pywin32/301/python3*.json
projects/pywin32/301/python36.json
projects/pywin32/301/python37.json
projects/pywin32/301/python38.json
projects/pywin32/301/python39.json
projects/pywin32/test.py
projects/pywinpty/1.1.4/installers.json
projects/pywinpty/1.1.4/python3*.json
projects/pywinpty/1.1.4/python36.json
projects/pywinpty/1.1.4/python37.json
projects/pywinpty/1.1.4/python38.json
projects/pywinpty/1.1.4/python39.json
projects/pywinpty/test.py
projects/pyzmq/22.2.1/installers.json
projects/pyzmq/22.2.1/python3*.json
projects/pyzmq/22.2.1/python36.json
projects/pyzmq/22.2.1/python37.json
projects/pyzmq/22.2.1/python38.json
projects/pyzmq/22.2.1/python39.json
projects/pyzmq/test.py
projects/terminado/0.12.1/installers.json
projects/terminado/0.12.1/python3*.json
projects/terminado/0.12.1/python36.json
projects/terminado/0.12.1/python37.json
projects/terminado/0.12.1/python38.json
projects/terminado/0.12.1/python39.json
projects/terminado/test.py
projects/testpath/0.5.0/installers.json
projects/testpath/0.5.0/python3*.json
projects/testpath/0.5.0/python36.json
projects/testpath/0.5.0/python37.json
projects/testpath/0.5.0/python38.json
projects/testpath/0.5.0/python39.json
projects/testpath/test.py
projects/widgetsnbextension/3.5.1/installers.json
projects/widgetsnbextension/3.5.1/python3*.json
projects/widgetsnbextension/3.5.1/python36.json
projects/widgetsnbextension/3.5.1/python37.json
projects/widgetsnbextension/3.5.1/python38.json
projects/widgetsnbextension/3.5.1/python39.json
projects/widgetsnbextension/test.py
projects/psycopg2-binary/2.9.1/installers.json
projects/psycopg2-binary/2.9.1/python3*.json
projects/psycopg2-binary/2.9.1/python36.json
projects/psycopg2-binary/2.9.1/python37.json
projects/psycopg2-binary/2.9.1/python38.json
projects/psycopg2-binary/2.9.1/python39.json
projects/psycopg2-binary/test.py
projects/pyopenssl/20.0.1/installers.json
projects/pyopenssl/20.0.1/python3*.json
projects/pyopenssl/20.0.1/python36.json
projects/pyopenssl/20.0.1/python37.json
projects/pyopenssl/20.0.1/python38.json
projects/pyopenssl/20.0.1/python39.json
projects/pyopenssl/test.py
projects/pycryptodome/3.10.1/installers.json
projects/pycryptodome/3.10.1/python3*.json
projects/pycryptodome/3.10.1/python36.json
projects/pycryptodome/3.10.1/python37.json
projects/pycryptodome/3.10.1/python38.json
projects/pycryptodome/3.10.1/python39.json
projects/pycryptodome/test.py
projects/rich/10.9.0/installers.json
projects/rich/10.9.0/python3*.json
projects/rich/10.9.0/python36.json
projects/rich/10.9.0/python37.json
projects/rich/10.9.0/python38.json
projects/rich/10.9.0/python39.json
projects/rich/test.py
projects/pytest-mock/3.6.1/installers.json
projects/pytest-mock/3.6.1/python3*.json
projects/pytest-mock/3.6.1/python36.json
projects/pytest-mock/3.6.1/python37.json
projects/pytest-mock/3.6.1/python38.json
projects/pytest-mock/3.6.1/python39.json
projects/pytest-mock/test.py
projects/enum34/1.1.10/installers.json
projects/enum34/1.1.10/python3*.json
projects/enum34/1.1.10/python36.json
projects/enum34/1.1.10/python37.json
projects/enum34/1.1.10/python38.json
projects/enum34/1.1.10/python39.json
projects/enum34/test.py
projects/astropy/4.3.1/installers.json
projects/astropy/4.3.1/python3*.json
projects/astropy/4.3.1/python37.json
projects/astropy/4.3.1/python38.json
projects/astropy/4.3.1/python39.json
projects/astropy/test.py
projects/pyerfa/2.0.0/installers.json
projects/pyerfa/2.0.0/python3*.json
projects/pyerfa/2.0.0/python37.json
projects/pyerfa/2.0.0/python38.json
projects/pyerfa/2.0.0/python39.json
projects/pyerfa/test.py
projects/keras/2.6.0/installers.json
projects/keras/2.6.0/python3*.json
projects/keras/2.6.0/python36.json
projects/keras/2.6.0/python37.json
projects/keras/2.6.0/python38.json
projects/keras/2.6.0/python39.json
projects/keras/test.py
projects/google-api-core/2.0.1/installers.json
projects/google-api-core/2.0.1/python3*.json
projects/google-api-core/2.0.1/python36.json
projects/google-api-core/2.0.1/python37.json
projects/google-api-core/2.0.1/python38.json
projects/google-api-core/2.0.1/python39.json
projects/google-api-core/test.py
projects/google-api-python-client/2.20.0/python3*.json
projects/google-api-python-client/2.20.0/python36.json
projects/google-api-python-client/2.20.0/python37.json
projects/google-api-python-client/2.20.0/python38.json
projects/google-api-python-client/2.20.0/python39.json
projects/google-api-python-client/test.py
projects/googleapis-common-protos/1.53.0/installers.json
projects/googleapis-common-protos/1.53.0/python3*.json
projects/googleapis-common-protos/1.53.0/python36.json
projects/googleapis-common-protos/1.53.0/python37.json
projects/googleapis-common-protos/1.53.0/python38.json
projects/googleapis-common-protos/1.53.0/python39.json
projects/googleapis-common-protos/test.py
projects/biopython/1.79/installers.json
projects/biopython/1.79/python3*.json
projects/biopython/1.79/python36.json
projects/biopython/1.79/python37.json
projects/biopython/1.79/python38.json
projects/biopython/1.79/python39.json
projects/biopython/test.py
projects/gevent/21.8.0/installers.json
projects/gevent/21.8.0/python3*.json
projects/gevent/21.8.0/python36.json
projects/gevent/21.8.0/python37.json
projects/gevent/21.8.0/python38.json
projects/gevent/21.8.0/python39.json
projects/gevent/test.py
projects/zope-event/4.5.0/installers.json
projects/zope-event/4.5.0/python3*.json
projects/zope-event/4.5.0/python36.json
projects/zope-event/4.5.0/python37.json
projects/zope-event/4.5.0/python38.json
projects/zope-event/4.5.0/python39.json
projects/zope-event/test.py
projects/codecov/2.1.12/installers.json
projects/codecov/2.1.12/python3*.json
projects/codecov/2.1.12/python36.json
projects/codecov/2.1.12/python37.json
projects/codecov/2.1.12/python38.json
projects/codecov/2.1.12/python39.json
projects/codecov/test.py
projects/aiocontextvars/0.2.2/installers.json
projects/aiocontextvars/0.2.2/python3*.json
projects/aiocontextvars/0.2.2/python36.json
projects/aiocontextvars/test.py
projects/loguru/0.5.3/installers.json
projects/loguru/0.5.3/python3*.json
projects/loguru/0.5.3/python36.json
projects/loguru/0.5.3/python37.json
projects/loguru/0.5.3/python38.json
projects/loguru/0.5.3/python39.json
projects/loguru/test.py
projects/win32-setctime/1.0.3/installers.json
projects/win32-setctime/1.0.3/python3*.json
projects/win32-setctime/1.0.3/python36.json
projects/win32-setctime/1.0.3/python37.json
projects/win32-setctime/1.0.3/python38.json
projects/win32-setctime/1.0.3/python39.json
projects/win32-setctime/test.py
projects/ujson/4.1.0/installers.json
projects/ujson/4.1.0/python3*.json
projects/ujson/4.1.0/python36.json
projects/ujson/4.1.0/python37.json
projects/ujson/4.1.0/python38.json
projects/ujson/4.1.0/python39.json
projects/ujson/test.py
projects/unidecode/1.3.1/installers.json
projects/unidecode/1.3.1/python3*.json
projects/unidecode/1.3.1/python36.json
projects/unidecode/1.3.1/python37.json
projects/unidecode/1.3.1/python38.json
projects/unidecode/1.3.1/python39.json
projects/unidecode/test.py
projects/pyarrow/5.0.0/installers.json
projects/pyarrow/5.0.0/python3*.json
projects/pyarrow/5.0.0/python36.json
projects/pyarrow/5.0.0/python37.json
projects/pyarrow/5.0.0/python38.json
projects/pyarrow/5.0.0/python39.json
projects/pyarrow/test.py
projects/celery/5.1.2/installers.json
projects/celery/5.1.2/python3*.json
projects/celery/5.1.2/python36.json
projects/celery/5.1.2/python37.json
projects/celery/5.1.2/python38.json
projects/celery/5.1.2/python39.json
projects/celery/test.py
projects/click/7.1.2/installers.json
projects/click/7.1.2/python3*.json
projects/click/7.1.2/python36.json
projects/click/7.1.2/python37.json
projects/click/7.1.2/python38.json
projects/click/7.1.2/python39.json
projects/pyzmq/22.2.1/installers.json
projects/pyzmq/22.2.1/python3*.json
projects/pyzmq/22.2.1/python36.json
projects/pyzmq/22.2.1/python37.json
projects/pyzmq/22.2.1/python38.json
projects/pyzmq/22.2.1/python39.json
projects/pyzmq/test.py
projects/sympy/1.8/installers.json
projects/sympy/1.8/python3*.json
projects/sympy/1.8/python36.json
projects/sympy/1.8/python37.json
projects/sympy/1.8/python38.json
projects/sympy/1.8/python39.json
projects/sympy/test.py
projects/typer/0.4.0/installers.json
projects/typer/0.4.0/python3*.json
projects/typer/0.4.0/python36.json
projects/typer/0.4.0/python37.json
projects/typer/0.4.0/python38.json
projects/typer/0.4.0/python39.json
projects/typer/test.py
projects/xarray/0.19.0/installers.json
projects/xarray/0.19.0/python3*.json
projects/xarray/0.19.0/python37.json
projects/xarray/0.19.0/python38.json
projects/xarray/0.19.0/python39.json
projects/xarray/test.py
projects/coloredlogs/15.0.1/installers.json
projects/coloredlogs/15.0.1/python3*.json
projects/coloredlogs/15.0.1/python36.json
projects/coloredlogs/15.0.1/python37.json
projects/coloredlogs/15.0.1/python38.json
projects/coloredlogs/15.0.1/python39.json
projects/coloredlogs/test.py
projects/humanfriendly/9.2/installers.json
projects/humanfriendly/9.2/python3*.json
projects/humanfriendly/9.2/python36.json
projects/humanfriendly/9.2/python37.json
projects/humanfriendly/9.2/python38.json
projects/humanfriendly/9.2/python39.json
projects/humanfriendly/test.py
projects/pyreadline/2.1/installers.json
projects/pyreadline/2.1/python3*.json
projects/pyreadline/2.1/python36.json
projects/pyreadline/2.1/python37.json
projects/pyreadline/2.1/python38.json
projects/pyreadline/2.1/python39.json
projects/pyreadline/test.py
projects/blis/0.7.4/installers.json
projects/blis/0.7.4/python3*.json
projects/blis/0.7.4/python36.json
projects/blis/0.7.4/python37.json
projects/blis/0.7.4/python38.json
projects/blis/0.7.4/python39.json
projects/blis/test.py
projects/catalogue/2.0.6/installers.json
projects/catalogue/2.0.6/python3*.json
projects/catalogue/2.0.6/python36.json
projects/catalogue/2.0.6/python37.json
projects/catalogue/2.0.6/python38.json
projects/catalogue/2.0.6/python39.json
projects/catalogue/test.py
projects/click/7.1.2/installers.json
projects/click/7.1.2/python3*.json
projects/click/7.1.2/python36.json
projects/click/7.1.2/python37.json
projects/click/7.1.2/python38.json
projects/click/7.1.2/python39.json
projects/cymem/2.0.5/installers.json
projects/cymem/2.0.5/python3*.json
projects/cymem/2.0.5/python36.json
projects/cymem/2.0.5/python37.json
projects/cymem/2.0.5/python38.json
projects/cymem/2.0.5/python39.json
projects/cymem/test.py
projects/murmurhash/1.0.5/installers.json
projects/murmurhash/1.0.5/python3*.json
projects/murmurhash/1.0.5/python36.json
projects/murmurhash/1.0.5/python37.json
projects/murmurhash/1.0.5/python38.json
projects/murmurhash/1.0.5/python39.json
projects/murmurhash/test.py
projects/pathy/0.6.0/installers.json
projects/pathy/0.6.0/python3*.json
projects/pathy/0.6.0/python36.json
projects/pathy/0.6.0/python37.json
projects/pathy/0.6.0/python38.json
projects/pathy/0.6.0/python39.json
projects/pathy/test.py
projects/preshed/3.0.5/installers.json
projects/preshed/3.0.5/python3*.json
projects/preshed/3.0.5/python36.json
projects/preshed/3.0.5/python37.json
projects/preshed/3.0.5/python38.json
projects/preshed/3.0.5/python39.json
projects/preshed/test.py
projects/pydantic/1.7.4/installers.json
projects/pydantic/1.7.4/python3*.json
projects/pydantic/1.7.4/python36.json
projects/pydantic/1.8.2/installers.json
projects/pydantic/1.8.2/python3*.json
projects/pydantic/1.8.2/python37.json
projects/pydantic/1.8.2/python38.json
projects/pydantic/1.8.2/python39.json
projects/pydantic/test.py
projects/smart-open/5.2.1/installers.json
projects/smart-open/5.2.1/python3*.json
projects/smart-open/5.2.1/python36.json
projects/smart-open/5.2.1/python37.json
projects/smart-open/5.2.1/python38.json
projects/smart-open/5.2.1/python39.json
projects/smart-open/test.py
projects/spacy-legacy/3.0.8/installers.json
projects/spacy-legacy/3.0.8/python3*.json
projects/spacy-legacy/3.0.8/python36.json
projects/spacy-legacy/3.0.8/python37.json
projects/spacy-legacy/3.0.8/python38.json
projects/spacy-legacy/3.0.8/python39.json
projects/spacy-legacy/test.py
projects/spacy/3.1.2/installers.json
projects/spacy/3.1.2/python3*.json
projects/spacy/3.1.2/python36.json
projects/spacy/3.1.2/python37.json
projects/spacy/3.1.2/python38.json
projects/spacy/3.1.2/python39.json
projects/spacy/test.py
projects/srsly/2.4.1/installers.json
projects/srsly/2.4.1/python3*.json
projects/srsly/2.4.1/python36.json
projects/srsly/2.4.1/python37.json
projects/srsly/2.4.1/python38.json
projects/srsly/2.4.1/python39.json
projects/srsly/test.py
projects/thinc/8.0.10/installers.json
projects/thinc/8.0.10/python3*.json
projects/thinc/8.0.10/python36.json
projects/thinc/8.0.10/python37.json
projects/thinc/8.0.10/python38.json
projects/thinc/8.0.10/python39.json
projects/thinc/test.py
projects/typer/0.3.2/installers.json
projects/typer/0.3.2/python3*.json
projects/typer/0.3.2/python36.json
projects/typer/0.3.2/python37.json
projects/typer/0.3.2/python38.json
projects/typer/0.3.2/python39.json
projects/typer/0.4.0/installers.json
projects/typer/0.4.0/python3*.json
projects/typer/0.4.0/python36.json
projects/typer/0.4.0/python37.json
projects/typer/0.4.0/python38.json
projects/typer/0.4.0/python39.json
projects/typer/test.py
projects/wasabi/0.8.2/installers.json
projects/wasabi/0.8.2/python3*.json
projects/wasabi/0.8.2/python36.json
projects/wasabi/0.8.2/python37.json
projects/wasabi/0.8.2/python38.json
projects/wasabi/0.8.2/python39.json
projects/wasabi/test.py
projects/fastapi/0.68.1/installers.json
projects/fastapi/0.68.1/python3*.json
projects/fastapi/0.68.1/python36.json
projects/fastapi/0.68.1/python37.json
projects/fastapi/0.68.1/python38.json
projects/fastapi/0.68.1/python39.json
projects/fastapi/test.py
projects/pydantic/1.7.4/installers.json
projects/pydantic/1.7.4/python3*.json
projects/pydantic/1.7.4/python36.json
projects/pydantic/1.8.2/installers.json
projects/pydantic/1.8.2/python3*.json
projects/pydantic/1.8.2/python37.json
projects/pydantic/1.8.2/python38.json
projects/pydantic/1.8.2/python39.json
projects/pydantic/test.py
projects/jeepney/0.7.1/installers.json
projects/jeepney/0.7.1/python3*.json
projects/jeepney/0.7.1/python36.json
projects/jeepney/0.7.1/python37.json
projects/jeepney/0.7.1/python38.json
projects/jeepney/0.7.1/python39.json
projects/jeepney/test.py
projects/keyring/23.1.0/installers.json
projects/keyring/23.1.0/python3*.json
projects/keyring/23.1.0/python36.json
projects/keyring/23.1.0/python37.json
projects/keyring/23.1.0/python38.json
projects/keyring/23.1.0/python39.json
projects/keyring/test.py
projects/pywin32-ctypes/0.2.0/installers.json
projects/pywin32-ctypes/0.2.0/python3*.json
projects/pywin32-ctypes/0.2.0/python36.json
projects/pywin32-ctypes/0.2.0/python37.json
projects/pywin32-ctypes/0.2.0/python38.json
projects/pywin32-ctypes/0.2.0/python39.json
projects/pywin32-ctypes/test.py
projects/secretstorage/3.3.1/installers.json
projects/secretstorage/3.3.1/python3*.json
projects/secretstorage/3.3.1/python36.json
projects/secretstorage/3.3.1/python37.json
projects/secretstorage/3.3.1/python38.json
projects/secretstorage/3.3.1/python39.json
projects/secretstorage/test.py
projects/pycrypto/2.6.1/installers.json
projects/pycrypto/2.6.1/python3*.json
projects/pycrypto/2.6.1/python36.json
projects/pycrypto/2.6.1/python37.json
projects/pycrypto/2.6.1/python38.json
projects/pycrypto/2.6.1/python39.json
projects/pycrypto/test.py
projects/fire/0.4.0/installers.json
projects/fire/0.4.0/python3*.json
projects/fire/0.4.0/python36.json
projects/fire/0.4.0/python37.json
projects/fire/0.4.0/python38.json
projects/fire/0.4.0/python39.json
projects/fire/test.py
projects/recommonmark/0.7.1/installers.json
projects/recommonmark/0.7.1/python3*.json
projects/recommonmark/0.7.1/python36.json
projects/recommonmark/0.7.1/python37.json
projects/recommonmark/0.7.1/python38.json
projects/recommonmark/0.7.1/python39.json
projects/recommonmark/test.py
projects/debugpy/1.4.3/installers.json
projects/debugpy/1.4.3/python3*.json
projects/debugpy/1.4.3/python37.json
projects/debugpy/1.4.3/python38.json
projects/debugpy/1.4.3/python39.json
projects/debugpy/test.py
projects/ipykernel/6.4.0/installers.json
projects/ipykernel/6.4.0/python3*.json
projects/ipykernel/6.4.0/python37.json
projects/ipykernel/6.4.0/python38.json
projects/ipykernel/6.4.0/python39.json
projects/ipykernel/test.py
projects/ipython-genutils/0.2.0/python37.json
projects/ipython-genutils/0.2.0/python38.json
projects/ipython-genutils/0.2.0/python39.json
projects/jupyter-client/7.0.2/installers.json
projects/jupyter-client/7.0.2/python3*.json
projects/jupyter-client/7.0.2/python37.json
projects/jupyter-client/7.0.2/python38.json
projects/jupyter-client/7.0.2/python39.json
projects/jupyter-client/test.py
projects/jupyter-core/4.7.1/installers.json
projects/jupyter-core/4.7.1/python3*.json
projects/jupyter-core/4.7.1/python37.json
projects/jupyter-core/4.7.1/python38.json
projects/jupyter-core/4.7.1/python39.json
projects/jupyter-core/test.py
projects/matplotlib-inline/0.1.3/installers.json
projects/matplotlib-inline/0.1.3/python3*.json
projects/matplotlib-inline/0.1.3/python37.json
projects/pywin32/301/installers.json
projects/pywin32/301/python3*.json
projects/pywin32/301/python37.json
projects/pywin32/301/python38.json
projects/pywin32/301/python39.json
projects/pywin32/test.py
projects/pyzmq/22.2.1/installers.json
projects/pyzmq/22.2.1/python3*.json
projects/pyzmq/22.2.1/python37.json
projects/pyzmq/22.2.1/python38.json
projects/pyzmq/22.2.1/python39.json
projects/pyzmq/test.py
projects/cattrs/1.0.0/installers.json
projects/cattrs/1.0.0/python3*.json
projects/cattrs/1.0.0/python36.json
projects/cattrs/1.8.0/installers.json
projects/cattrs/1.8.0/python3*.json
projects/cattrs/1.8.0/python37.json
projects/cattrs/1.8.0/python38.json
projects/cattrs/1.8.0/python39.json
projects/cattrs/test.py
projects/jsii/1.34.0/installers.json
projects/jsii/1.34.0/python3*.json
projects/jsii/1.34.0/python36.json
projects/jsii/1.34.0/python37.json
projects/jsii/1.34.0/python38.json
projects/jsii/1.34.0/python39.json
projects/jsii/test.py
projects/aws-cdk-cloud-assembly-schema/1.122.0/installers.json
projects/aws-cdk-cloud-assembly-schema/1.122.0/python3*.json
projects/aws-cdk-cloud-assembly-schema/1.122.0/python36.json
projects/aws-cdk-cloud-assembly-schema/1.122.0/python37.json
projects/aws-cdk-cloud-assembly-schema/1.122.0/python38.json
projects/aws-cdk-cloud-assembly-schema/1.122.0/python39.json
projects/aws-cdk-cloud-assembly-schema/test.py
projects/aws-cdk-core/1.122.0/python3*.json
projects/aws-cdk-core/1.122.0/python36.json
projects/aws-cdk-core/1.122.0/python37.json
projects/aws-cdk-core/1.122.0/python38.json
projects/aws-cdk-core/1.122.0/python39.json
projects/aws-cdk-core/test.py
projects/cattrs/1.0.0/installers.json
projects/cattrs/1.0.0/python3*.json
projects/cattrs/1.0.0/python36.json
projects/cattrs/1.8.0/installers.json
projects/cattrs/1.8.0/python3*.json
projects/cattrs/1.8.0/python37.json
projects/cattrs/1.8.0/python38.json
projects/cattrs/1.8.0/python39.json
projects/cattrs/test.py
projects/jsii/1.34.0/installers.json
projects/jsii/1.34.0/python3*.json
projects/jsii/1.34.0/python36.json
projects/jsii/1.34.0/python37.json
projects/jsii/1.34.0/python38.json
projects/jsii/1.34.0/python39.json
projects/jsii/test.py
projects/argon2-cffi/21.1.0/installers.json
projects/argon2-cffi/21.1.0/python3*.json
projects/argon2-cffi/21.1.0/python36.json
projects/argon2-cffi/21.1.0/python37.json
projects/argon2-cffi/21.1.0/python38.json
projects/argon2-cffi/21.1.0/python39.json
projects/argon2-cffi/test.py
projects/debugpy/1.4.3/installers.json
projects/debugpy/1.4.3/python3*.json
projects/debugpy/1.4.3/python37.json
projects/debugpy/1.4.3/python38.json
projects/debugpy/1.4.3/python39.json
projects/debugpy/test.py
projects/ipykernel/5.5.5/installers.json
projects/ipykernel/5.5.5/python3*.json
projects/ipykernel/5.5.5/python36.json
projects/ipykernel/6.4.0/installers.json
projects/ipykernel/6.4.0/python3*.json
projects/ipykernel/6.4.0/python37.json
projects/ipykernel/6.4.0/python38.json
projects/ipykernel/6.4.0/python39.json
projects/ipykernel/test.py
projects/ipython-genutils/0.2.0/python37.json
projects/ipython-genutils/0.2.0/python38.json
projects/ipython-genutils/0.2.0/python39.json
projects/ipywidgets/7.6.4/installers.json
projects/ipywidgets/7.6.4/python3*.json
projects/ipywidgets/7.6.4/python36.json
projects/ipywidgets/7.6.4/python37.json
projects/ipywidgets/test.py
projects/jupyter-client/6.1.13/installers.json
projects/jupyter-client/6.1.13/python3*.json
projects/jupyter-client/6.1.13/python36.json
projects/jupyter-client/7.0.2/installers.json
projects/jupyter-client/7.0.2/python3*.json
projects/jupyter-client/7.0.2/python37.json
projects/jupyter-client/7.0.2/python38.json
projects/jupyter-client/7.0.2/python39.json
projects/jupyter-client/test.py
projects/jupyter-core/4.7.1/installers.json
projects/jupyter-core/4.7.1/python3*.json
projects/jupyter-core/4.7.1/python36.json
projects/jupyter-core/4.7.1/python37.json
projects/jupyter-core/4.7.1/python38.json
projects/jupyter-core/4.7.1/python39.json
projects/jupyter-core/test.py
projects/jupyter/1.0.0/python3*.json
projects/jupyter/1.0.0/python36.json
projects/jupyter/1.0.0/python37.json
projects/jupyter/1.0.0/python38.json
projects/jupyter/1.0.0/python39.json
projects/jupyter/test.py
projects/jupyterlab-pygments/0.1.2/installers.json
projects/jupyterlab-pygments/0.1.2/python3*.json
projects/jupyterlab-pygments/0.1.2/python36.json
projects/jupyterlab-pygments/0.1.2/python37.json
projects/jupyterlab-pygments/0.1.2/python38.json
projects/jupyterlab-pygments/0.1.2/python39.json
projects/jupyterlab-pygments/test.py
projects/jupyterlab-widgets/1.0.1/installers.json
projects/jupyterlab-widgets/1.0.1/python3*.json
projects/jupyterlab-widgets/1.0.1/python36.json
projects/jupyterlab-widgets/1.0.1/python37.json
projects/jupyterlab-widgets/test.py
projects/matplotlib-inline/0.1.3/installers.json
projects/matplotlib-inline/0.1.3/python3*.json
projects/matplotlib-inline/0.1.3/python37.json
projects/matplotlib-inline/0.1.3/python38.json
projects/matplotlib-inline/0.1.3/python39.json
projects/nbclient/0.5.1/installers.json
projects/nbclient/0.5.1/python3*.json
projects/nbclient/0.5.1/python36.json
projects/nbclient/0.5.4/installers.json
projects/nbclient/0.5.4/python3*.json
projects/nbclient/0.5.4/python37.json
projects/nbclient/0.5.4/python38.json
projects/nbclient/0.5.4/python39.json
projects/nbclient/test.py
projects/nbconvert/6.0.7/installers.json
projects/nbconvert/6.0.7/python3*.json
projects/nbconvert/6.0.7/python36.json
projects/nbconvert/6.1.0/installers.json
projects/nbconvert/6.1.0/python3*.json
projects/nbconvert/6.1.0/python37.json
projects/nbconvert/6.1.0/python38.json
projects/nbconvert/6.1.0/python39.json
projects/nbconvert/test.py
projects/nbformat/5.1.3/installers.json
projects/nbformat/5.1.3/python3*.json
projects/nbformat/5.1.3/python36.json
projects/nbformat/5.1.3/python37.json
projects/nbformat/5.1.3/python38.json
projects/nbformat/5.1.3/python39.json
projects/nbformat/test.py
projects/notebook/6.4.3/installers.json
projects/notebook/6.4.3/python3*.json
projects/notebook/6.4.3/python36.json
projects/notebook/6.4.3/python37.json
projects/notebook/6.4.3/python38.json
projects/notebook/6.4.3/python39.json
projects/notebook/test.py
projects/prometheus-client/0.11.0/installers.json
projects/prometheus-client/0.11.0/python3*.json
projects/prometheus-client/0.11.0/python36.json
projects/prometheus-client/0.11.0/python37.json
projects/prometheus-client/0.11.0/python38.json
projects/prometheus-client/0.11.0/python39.json
projects/prometheus-client/test.py
projects/pywin32/301/installers.json
projects/pywin32/301/python3*.json
projects/pywin32/301/python36.json
projects/pywin32/301/python37.json
projects/pywin32/301/python38.json
projects/pywin32/301/python39.json
projects/pywin32/test.py
projects/pywinpty/1.1.4/installers.json
projects/pywinpty/1.1.4/python3*.json
projects/pywinpty/1.1.4/python36.json
projects/pywinpty/1.1.4/python37.json
projects/pywinpty/1.1.4/python38.json
projects/pywinpty/1.1.4/python39.json
projects/pywinpty/test.py
projects/pyzmq/22.2.1/installers.json
projects/pyzmq/22.2.1/python3*.json
projects/pyzmq/22.2.1/python36.json
projects/pyzmq/22.2.1/python37.json
projects/pyzmq/22.2.1/python38.json
projects/pyzmq/22.2.1/python39.json
projects/pyzmq/test.py
projects/terminado/0.12.1/installers.json
projects/terminado/0.12.1/python3*.json
projects/terminado/0.12.1/python36.json
projects/terminado/0.12.1/python37.json
projects/terminado/0.12.1/python38.json
projects/terminado/0.12.1/python39.json
projects/terminado/test.py
projects/testpath/0.5.0/installers.json
projects/testpath/0.5.0/python3*.json
projects/testpath/0.5.0/python36.json
projects/testpath/0.5.0/python37.json
projects/testpath/0.5.0/python38.json
projects/testpath/0.5.0/python39.json
projects/testpath/test.py
projects/widgetsnbextension/3.5.1/installers.json
projects/widgetsnbextension/3.5.1/python3*.json
projects/widgetsnbextension/3.5.1/python36.json
projects/widgetsnbextension/3.5.1/python37.json
projects/widgetsnbextension/3.5.1/python38.json
projects/widgetsnbextension/3.5.1/python39.json
projects/widgetsnbextension/test.py
projects/numpydoc/1.1.0/installers.json
projects/numpydoc/1.1.0/python3*.json
projects/numpydoc/1.1.0/python36.json
projects/numpydoc/1.1.0/python37.json
projects/numpydoc/1.1.0/python38.json
projects/numpydoc/1.1.0/python39.json
projects/numpydoc/test.py
projects/argon2-cffi/21.1.0/installers.json
projects/argon2-cffi/21.1.0/python3*.json
projects/argon2-cffi/21.1.0/python36.json
projects/argon2-cffi/21.1.0/python37.json
projects/argon2-cffi/21.1.0/python38.json
projects/argon2-cffi/21.1.0/python39.json
projects/argon2-cffi/test.py
projects/debugpy/1.4.3/installers.json
projects/debugpy/1.4.3/python3*.json
projects/debugpy/1.4.3/python37.json
projects/debugpy/1.4.3/python38.json
projects/debugpy/1.4.3/python39.json
projects/debugpy/test.py
projects/ipykernel/5.5.5/installers.json
projects/ipykernel/5.5.5/python3*.json
projects/ipykernel/5.5.5/python36.json
projects/ipykernel/6.4.0/installers.json
projects/ipykernel/6.4.0/python3*.json
projects/ipykernel/6.4.0/python37.json
projects/ipykernel/6.4.0/python38.json
projects/ipykernel/6.4.0/python39.json
projects/ipykernel/test.py
projects/ipython-genutils/0.2.0/python37.json
projects/ipython-genutils/0.2.0/python38.json
projects/ipython-genutils/0.2.0/python39.json
projects/jupyter-client/6.1.13/installers.json
projects/jupyter-client/6.1.13/python3*.json
projects/jupyter-client/6.1.13/python36.json
projects/jupyter-client/7.0.2/installers.json
projects/jupyter-client/7.0.2/python3*.json
projects/jupyter-client/7.0.2/python37.json
projects/jupyter-client/7.0.2/python38.json
projects/jupyter-client/7.0.2/python39.json
projects/jupyter-client/test.py
projects/jupyter-core/4.7.1/installers.json
projects/jupyter-core/4.7.1/python3*.json
projects/jupyter-core/4.7.1/python36.json
projects/jupyter-core/4.7.1/python37.json
projects/jupyter-core/4.7.1/python38.json
projects/jupyter-core/4.7.1/python39.json
projects/jupyter-core/test.py
projects/jupyterlab-pygments/0.1.2/installers.json
projects/jupyterlab-pygments/0.1.2/python3*.json
projects/jupyterlab-pygments/0.1.2/python36.json
projects/jupyterlab-pygments/0.1.2/python37.json
projects/jupyterlab-pygments/0.1.2/python38.json
projects/jupyterlab-pygments/0.1.2/python39.json
projects/jupyterlab-pygments/test.py
projects/matplotlib-inline/0.1.3/installers.json
projects/matplotlib-inline/0.1.3/python3*.json
projects/matplotlib-inline/0.1.3/python37.json
projects/matplotlib-inline/0.1.3/python38.json
projects/matplotlib-inline/0.1.3/python39.json
projects/nbclient/0.5.1/installers.json
projects/nbclient/0.5.1/python3*.json
projects/nbclient/0.5.1/python36.json
projects/nbclient/0.5.4/installers.json
projects/nbclient/0.5.4/python3*.json
projects/nbclient/0.5.4/python37.json
projects/nbclient/0.5.4/python38.json
projects/nbclient/0.5.4/python39.json
projects/nbclient/test.py
projects/nbconvert/6.0.7/installers.json
projects/nbconvert/6.0.7/python3*.json
projects/nbconvert/6.0.7/python36.json
projects/nbconvert/6.1.0/installers.json
projects/nbconvert/6.1.0/python3*.json
projects/nbconvert/6.1.0/python37.json
projects/nbconvert/6.1.0/python38.json
projects/nbconvert/6.1.0/python39.json
projects/nbconvert/test.py
projects/nbformat/5.1.3/installers.json
projects/nbformat/5.1.3/python3*.json
projects/nbformat/5.1.3/python36.json
projects/nbformat/5.1.3/python37.json
projects/nbformat/5.1.3/python38.json
projects/nbformat/5.1.3/python39.json
projects/nbformat/test.py
projects/notebook/6.4.3/installers.json
projects/notebook/6.4.3/python3*.json
projects/notebook/6.4.3/python36.json
projects/notebook/6.4.3/python37.json
projects/notebook/6.4.3/python38.json
projects/notebook/6.4.3/python39.json
projects/notebook/test.py
projects/prometheus-client/0.11.0/installers.json
projects/prometheus-client/0.11.0/python3*.json
projects/prometheus-client/0.11.0/python36.json
projects/prometheus-client/0.11.0/python37.json
projects/prometheus-client/0.11.0/python38.json
projects/prometheus-client/0.11.0/python39.json
projects/prometheus-client/test.py
projects/pywin32/301/installers.json
projects/pywin32/301/python3*.json
projects/pywin32/301/python36.json
projects/pywin32/301/python37.json
projects/pywin32/301/python38.json
projects/pywin32/301/python39.json
projects/pywin32/test.py
projects/pywinpty/1.1.4/installers.json
projects/pywinpty/1.1.4/python3*.json
projects/pywinpty/1.1.4/python36.json
projects/pywinpty/1.1.4/python37.json
projects/pywinpty/1.1.4/python38.json
projects/pywinpty/1.1.4/python39.json
projects/pywinpty/test.py
projects/pyzmq/22.2.1/installers.json
projects/pyzmq/22.2.1/python3*.json
projects/pyzmq/22.2.1/python36.json
projects/pyzmq/22.2.1/python37.json
projects/pyzmq/22.2.1/python38.json
projects/pyzmq/22.2.1/python39.json
projects/pyzmq/test.py
projects/terminado/0.12.1/installers.json
projects/terminado/0.12.1/python3*.json
projects/terminado/0.12.1/python36.json
projects/terminado/0.12.1/python37.json
projects/terminado/0.12.1/python38.json
projects/terminado/0.12.1/python39.json
projects/terminado/test.py
projects/testpath/0.5.0/installers.json
projects/testpath/0.5.0/python3*.json
projects/testpath/0.5.0/python36.json
projects/testpath/0.5.0/python37.json
projects/testpath/0.5.0/python38.json
projects/testpath/0.5.0/python39.json
projects/testpath/test.py
projects/huggingface-hub/0.0.16/installers.json
projects/huggingface-hub/0.0.16/python3*.json
projects/huggingface-hub/0.0.16/python36.json
projects/huggingface-hub/0.0.16/python37.json
projects/huggingface-hub/0.0.16/python38.json
projects/huggingface-hub/0.0.16/python39.json
projects/huggingface-hub/test.py
projects/sacremoses/0.0.45/installers.json
projects/sacremoses/0.0.45/python3*.json
projects/sacremoses/0.0.45/python36.json
projects/sacremoses/0.0.45/python37.json
projects/sacremoses/0.0.45/python38.json
projects/sacremoses/0.0.45/python39.json
projects/sacremoses/test.py
projects/tokenizers/0.10.3/installers.json
projects/tokenizers/0.10.3/python3*.json
projects/tokenizers/0.10.3/python36.json
projects/tokenizers/0.10.3/python37.json
projects/tokenizers/0.10.3/python38.json
projects/tokenizers/0.10.3/python39.json
projects/tokenizers/test.py
projects/transformers/4.10.0/installers.json
projects/transformers/4.10.0/python3*.json
projects/transformers/4.10.0/python36.json
projects/transformers/4.10.0/python37.json
projects/transformers/4.10.0/python38.json
projects/transformers/4.10.0/python39.json
projects/transformers/test.py
projects/dask/2021.9.0/installers.json
projects/dask/2021.9.0/python3*.json
projects/dask/2021.9.0/python37.json
projects/dask/2021.9.0/python38.json
projects/dask/2021.9.0/python39.json
projects/dask/test.py
projects/fsspec/2021.8.1/installers.json
projects/fsspec/2021.8.1/python3*.json
projects/fsspec/2021.8.1/python37.json
projects/fsspec/2021.8.1/python38.json
projects/fsspec/2021.8.1/python39.json
projects/fsspec/test.py
projects/locket/0.2.1/installers.json
projects/locket/0.2.1/python3*.json
projects/locket/0.2.1/python37.json
projects/locket/0.2.1/python38.json
projects/locket/0.2.1/python39.json
projects/locket/test.py
projects/partd/1.2.0/installers.json
projects/partd/1.2.0/python3*.json
projects/partd/1.2.0/python37.json
projects/partd/1.2.0/python38.json
projects/partd/1.2.0/python39.json
projects/partd/test.py
projects/flask-cors/3.0.10/installers.json
projects/flask-cors/3.0.10/python3*.json
projects/flask-cors/3.0.10/python36.json
projects/flask-cors/3.0.10/python37.json
projects/flask-cors/3.0.10/python38.json
projects/flask-cors/3.0.10/python39.json
projects/flask-cors/test.py
projects/ipython-genutils/0.2.0/python37.json
projects/ipython-genutils/0.2.0/python38.json
projects/ipython-genutils/0.2.0/python39.json
projects/jupyter-client/6.1.13/installers.json
projects/jupyter-client/6.1.13/python3*.json
projects/jupyter-client/6.1.13/python36.json
projects/jupyter-client/7.0.2/installers.json
projects/jupyter-client/7.0.2/python3*.json
projects/jupyter-client/7.0.2/python37.json
projects/jupyter-client/7.0.2/python38.json
projects/jupyter-client/7.0.2/python39.json
projects/jupyter-client/test.py
projects/jupyter-core/4.7.1/installers.json
projects/jupyter-core/4.7.1/python3*.json
projects/jupyter-core/4.7.1/python36.json
projects/jupyter-core/4.7.1/python37.json
projects/jupyter-core/4.7.1/python38.json
projects/jupyter-core/4.7.1/python39.json
projects/jupyter-core/test.py
projects/jupyterlab-pygments/0.1.2/installers.json
projects/jupyterlab-pygments/0.1.2/python3*.json
projects/jupyterlab-pygments/0.1.2/python36.json
projects/jupyterlab-pygments/0.1.2/python37.json
projects/jupyterlab-pygments/0.1.2/python38.json
projects/jupyterlab-pygments/0.1.2/python39.json
projects/jupyterlab-pygments/test.py
projects/nbclient/0.5.1/installers.json
projects/nbclient/0.5.1/python3*.json
projects/nbclient/0.5.1/python36.json
projects/nbclient/0.5.4/installers.json
projects/nbclient/0.5.4/python3*.json
projects/nbclient/0.5.4/python37.json
projects/nbclient/0.5.4/python38.json
projects/nbclient/0.5.4/python39.json
projects/nbclient/test.py
projects/nbconvert/6.0.7/installers.json
projects/nbconvert/6.0.7/python3*.json
projects/nbconvert/6.0.7/python36.json
projects/nbconvert/6.1.0/installers.json
projects/nbconvert/6.1.0/python3*.json
projects/nbconvert/6.1.0/python37.json
projects/nbconvert/6.1.0/python38.json
projects/nbconvert/6.1.0/python39.json
projects/nbconvert/test.py
projects/nbformat/5.1.3/installers.json
projects/nbformat/5.1.3/python3*.json
projects/nbformat/5.1.3/python36.json
projects/nbformat/5.1.3/python37.json
projects/nbformat/5.1.3/python38.json
projects/nbformat/5.1.3/python39.json
projects/nbformat/test.py
projects/nbsphinx/0.8.7/python3*.json
projects/nbsphinx/0.8.7/python36.json
projects/nbsphinx/0.8.7/python37.json
projects/nbsphinx/0.8.7/python38.json
projects/nbsphinx/0.8.7/python39.json
projects/nbsphinx/test.py
projects/pywin32/301/installers.json
projects/pywin32/301/python3*.json
projects/pywin32/301/python36.json
projects/pywin32/301/python37.json
projects/pywin32/301/python38.json
projects/pywin32/301/python39.json
projects/pywin32/test.py
projects/pyzmq/22.2.1/installers.json
projects/pyzmq/22.2.1/python3*.json
projects/pyzmq/22.2.1/python36.json
projects/pyzmq/22.2.1/python37.json
projects/pyzmq/22.2.1/python38.json
projects/pyzmq/22.2.1/python39.json
projects/pyzmq/test.py
projects/testpath/0.5.0/installers.json
projects/testpath/0.5.0/python3*.json
projects/testpath/0.5.0/python36.json
projects/testpath/0.5.0/python37.json
projects/testpath/0.5.0/python38.json
projects/testpath/0.5.0/python39.json
projects/testpath/test.py
projects/sphinx-autodoc-typehints/1.12.0/installers.json
projects/sphinx-autodoc-typehints/1.12.0/python3*.json
projects/sphinx-autodoc-typehints/1.12.0/python36.json
projects/sphinx-autodoc-typehints/1.12.0/python37.json
projects/sphinx-autodoc-typehints/1.12.0/python38.json
projects/sphinx-autodoc-typehints/1.12.0/python39.json
projects/sphinx-autodoc-typehints/test.py
projects/anyio/3.3.1/installers.json
projects/anyio/3.3.1/python37.json
projects/anyio/3.3.1/python38.json
projects/argon2-cffi/21.1.0/installers.json
projects/argon2-cffi/21.1.0/python37.json
projects/argon2-cffi/21.1.0/python38.json
projects/argon2-cffi/test.py
projects/debugpy/1.4.3/installers.json
projects/debugpy/1.4.3/python37.json
projects/debugpy/1.4.3/python38.json
projects/debugpy/test.py
projects/ipykernel/6.4.0/installers.json
projects/ipykernel/6.4.0/python37.json
projects/ipykernel/6.4.0/python38.json
projects/ipykernel/test.py
projects/ipython-genutils/0.2.0/python37.json
projects/ipython-genutils/0.2.0/python38.json
projects/json5/0.9.6/installers.json
projects/json5/0.9.6/python37.json
projects/json5/test.py
projects/jupyter-client/7.0.2/installers.json
projects/jupyter-client/7.0.2/python37.json
projects/jupyter-client/7.0.2/python38.json
projects/jupyter-client/test.py
projects/jupyter-core/4.7.1/installers.json
projects/jupyter-core/4.7.1/python37.json
projects/jupyter-core/4.7.1/python38.json
projects/jupyter-core/test.py
projects/jupyter-server/1.11.0/installers.json
projects/jupyter-server/1.11.0/python37.json
projects/jupyter-server/1.11.0/python38.json
projects/jupyter-server/test.py
projects/jupyterlab-pygments/0.1.2/installers.json
projects/jupyterlab-pygments/0.1.2/python37.json
projects/jupyterlab-pygments/0.1.2/python38.json
projects/jupyterlab-pygments/test.py
projects/jupyterlab/3.1.11/python37.json
projects/jupyterlab/3.1.11/python38.json
projects/jupyterlab/test.py
projects/matplotlib-inline/0.1.3/installers.json
projects/matplotlib-inline/0.1.3/python37.json
projects/nbclassic/0.3.1/installers.json
projects/nbclassic/0.3.1/python38.json
projects/nbclassic/test.py
projects/nbclient/0.5.4/installers.json
projects/nbclient/0.5.4/python37.json
projects/nbclient/0.5.4/python38.json
projects/nbclient/test.py
projects/nbconvert/6.1.0/installers.json
projects/nbconvert/6.1.0/python37.json
projects/nbconvert/6.1.0/python38.json
projects/nbconvert/test.py
projects/nbformat/5.1.3/installers.json
projects/nbformat/5.1.3/python37.json
projects/nbformat/5.1.3/python38.json
projects/nbformat/test.py
projects/prometheus-client/0.11.0/installers.json
projects/prometheus-client/0.11.0/python37.json
projects/prometheus-client/0.11.0/python38.json
projects/prometheus-client/test.py
projects/pywin32/301/installers.json
projects/pywin32/301/python37.json
projects/pywin32/301/python38.json
projects/pywin32/test.py
projects/pywinpty/1.1.4/installers.json
projects/pywinpty/1.1.4/python37.json
projects/pywinpty/1.1.4/python38.json
projects/pywinpty/test.py
projects/pyzmq/22.2.1/installers.json
projects/pyzmq/22.2.1/python37.json
projects/pyzmq/22.2.1/python38.json
projects/pyzmq/test.py
projects/requests-unixsocket/0.2.0/installers.json
projects/requests-unixsocket/0.2.0/python37.json
projects/requests-unixsocket/0.2.0/python38.json
projects/requests-unixsocket/test.py
projects/terminado/0.12.1/installers.json
projects/terminado/0.12.1/python37.json
projects/terminado/0.12.1/python38.json
projects/terminado/test.py
projects/testpath/0.5.0/installers.json
projects/testpath/0.5.0/python37.json
projects/testpath/0.5.0/python38.json
projects/testpath/test.py
projects/google-api-core/2.0.1/installers.json
projects/google-api-core/2.0.1/python3*.json
projects/google-api-core/2.0.1/python36.json
projects/google-api-core/2.0.1/python37.json
projects/google-api-core/2.0.1/python38.json
projects/google-api-core/2.0.1/python39.json
projects/google-api-core/test.py
projects/google-cloud-storage/1.42.1/python3*.json
projects/google-cloud-storage/1.42.1/python36.json
projects/google-cloud-storage/1.42.1/python37.json
projects/google-cloud-storage/1.42.1/python38.json
projects/google-cloud-storage/1.42.1/python39.json
projects/google-cloud-storage/test.py
projects/googleapis-common-protos/1.53.0/installers.json
projects/googleapis-common-protos/1.53.0/python3*.json
projects/googleapis-common-protos/1.53.0/python36.json
projects/googleapis-common-protos/1.53.0/python37.json
projects/googleapis-common-protos/1.53.0/python38.json
projects/googleapis-common-protos/1.53.0/python39.json
projects/googleapis-common-protos/test.py
projects/twisted-iocpsupport/1.0.2/installers.json
projects/twisted-iocpsupport/1.0.2/python3*.json
projects/twisted-iocpsupport/1.0.2/python37.json
projects/twisted-iocpsupport/1.0.2/python38.json
projects/twisted-iocpsupport/1.0.2/python39.json
projects/twisted-iocpsupport/test.py
projects/twisted/21.7.0/installers.json
projects/twisted/21.7.0/python3*.json
projects/twisted/21.7.0/python37.json
projects/twisted/21.7.0/python38.json
projects/twisted/21.7.0/python39.json
projects/twisted/test.py
projects/hypothesis/6.20.0/installers.json
projects/hypothesis/6.20.0/python3*.json
projects/hypothesis/6.20.0/python36.json
projects/hypothesis/6.20.0/python37.json
projects/hypothesis/6.20.0/python38.json
projects/hypothesis/6.20.0/python39.json
projects/hypothesis/test.py
projects/ipython-genutils/0.2.0/python37.json
projects/ipython-genutils/0.2.0/python38.json
projects/ipython-genutils/0.2.0/python39.json
projects/jupyter-client/7.0.2/installers.json
projects/jupyter-client/7.0.2/python3*.json
projects/jupyter-client/7.0.2/python37.json
projects/jupyter-client/7.0.2/python38.json
projects/jupyter-client/7.0.2/python39.json
projects/jupyter-client/test.py
projects/jupyter-core/4.7.1/installers.json
projects/jupyter-core/4.7.1/python3*.json
projects/jupyter-core/4.7.1/python37.json
projects/jupyter-core/4.7.1/python38.json
projects/jupyter-core/4.7.1/python39.json
projects/jupyter-core/test.py
projects/jupyterlab-pygments/0.1.2/installers.json
projects/jupyterlab-pygments/0.1.2/python3*.json
projects/jupyterlab-pygments/0.1.2/python37.json
projects/jupyterlab-pygments/0.1.2/python38.json
projects/jupyterlab-pygments/0.1.2/python39.json
projects/jupyterlab-pygments/test.py
projects/nbclient/0.5.4/installers.json
projects/nbclient/0.5.4/python3*.json
projects/nbclient/0.5.4/python37.json
projects/nbclient/0.5.4/python38.json
projects/nbclient/0.5.4/python39.json
projects/nbclient/test.py
projects/nbconvert/6.1.0/installers.json
projects/nbconvert/6.1.0/python3*.json
projects/nbconvert/6.1.0/python37.json
projects/nbconvert/6.1.0/python38.json
projects/nbconvert/6.1.0/python39.json
projects/nbconvert/test.py
projects/nbformat/5.1.3/installers.json
projects/nbformat/5.1.3/python3*.json
projects/nbformat/5.1.3/python37.json
projects/nbformat/5.1.3/python38.json
projects/nbformat/5.1.3/python39.json
projects/nbformat/test.py
projects/pywin32/301/installers.json
projects/pywin32/301/python3*.json
projects/pywin32/301/python37.json
projects/pywin32/301/python38.json
projects/pywin32/301/python39.json
projects/pywin32/test.py
projects/pyzmq/22.2.1/installers.json
projects/pyzmq/22.2.1/python3*.json
projects/pyzmq/22.2.1/python37.json
projects/pyzmq/22.2.1/python38.json
projects/pyzmq/22.2.1/python39.json
projects/pyzmq/test.py
projects/testpath/0.5.0/installers.json
projects/testpath/0.5.0/python3*.json
projects/testpath/0.5.0/python37.json
projects/testpath/0.5.0/python38.json
projects/testpath/0.5.0/python39.json
projects/testpath/test.py
projects/deprecated/1.2.13/installers.json
projects/deprecated/1.2.13/python3*.json
projects/deprecated/1.2.13/python36.json
projects/deprecated/1.2.13/python37.json
projects/deprecated/1.2.13/python38.json
projects/deprecated/1.2.13/python39.json
projects/pygithub/1.55/installers.json
projects/pygithub/1.55/python3*.json
projects/pygithub/1.55/python36.json
projects/pygithub/1.55/python37.json
projects/pygithub/1.55/python38.json
projects/pygithub/1.55/python39.json
projects/pygithub/test.py
projects/cattrs/1.0.0/installers.json
projects/cattrs/1.0.0/python3*.json
projects/cattrs/1.0.0/python36.json
projects/cattrs/1.8.0/installers.json
projects/cattrs/1.8.0/python3*.json
projects/cattrs/1.8.0/python37.json
projects/cattrs/1.8.0/python38.json
projects/cattrs/1.8.0/python39.json
projects/cattrs/test.py
projects/constructs/10.0.5/python3*.json
projects/constructs/10.0.5/python36.json
projects/constructs/10.0.5/python37.json
projects/constructs/10.0.5/python38.json
projects/constructs/10.0.5/python39.json
projects/constructs/test.py
projects/jsii/1.34.0/installers.json
projects/jsii/1.34.0/python3*.json
projects/jsii/1.34.0/python36.json
projects/jsii/1.34.0/python37.json
projects/jsii/1.34.0/python38.json
projects/jsii/1.34.0/python39.json
projects/jsii/test.py
projects/ghp-import/2.0.1/installers.json
projects/ghp-import/2.0.1/python3*.json
projects/ghp-import/2.0.1/python36.json
projects/ghp-import/2.0.1/python37.json
projects/ghp-import/2.0.1/python38.json
projects/ghp-import/2.0.1/python39.json
projects/ghp-import/test.py
projects/mergedeep/1.3.4/installers.json
projects/mergedeep/1.3.4/python3*.json
projects/mergedeep/1.3.4/python36.json
projects/mergedeep/1.3.4/python37.json
projects/mergedeep/1.3.4/python38.json
projects/mergedeep/1.3.4/python39.json
projects/mergedeep/test.py
projects/mkdocs/1.2.2/installers.json
projects/mkdocs/1.2.2/python3*.json
projects/mkdocs/1.2.2/python36.json
projects/mkdocs/1.2.2/python37.json
projects/mkdocs/1.2.2/python38.json
projects/mkdocs/1.2.2/python39.json
projects/mkdocs/test.py
projects/pyyaml-env-tag/0.1/installers.json
projects/pyyaml-env-tag/0.1/python3*.json
projects/pyyaml-env-tag/0.1/python36.json
projects/pyyaml-env-tag/0.1/python37.json
projects/pyyaml-env-tag/0.1/python38.json
projects/pyyaml-env-tag/0.1/python39.json
projects/pyyaml-env-tag/test.py
projects/pywin32/301/installers.json
projects/pywin32/301/python3*.json
projects/pywin32/301/python36.json
projects/pywin32/301/python37.json
projects/pywin32/301/python38.json
projects/pywin32/301/python39.json
projects/pywin32/test.py
projects/pyperclip/1.8.2/installers.json
projects/pyperclip/1.8.2/python3*.json
projects/pyperclip/1.8.2/python36.json
projects/pyperclip/1.8.2/python37.json
projects/pyperclip/1.8.2/python38.json
projects/pyperclip/1.8.2/python39.json
projects/pyperclip/test.py
projects/publication/0.0.3/installers.json
projects/publication/0.0.3/python3*.json
projects/publication/0.0.3/python36.json
projects/publication/0.0.3/python37.json
projects/publication/0.0.3/python38.json
projects/publication/0.0.3/python39.json
projects/publication/test.py
projects/msgpack/1.0.2/installers.json
projects/msgpack/1.0.2/python3*.json
projects/msgpack/1.0.2/python36.json
projects/msgpack/1.0.2/python37.json
projects/msgpack/1.0.2/python38.json
projects/msgpack/1.0.2/python39.json
projects/msgpack/test.py
projects/gensim/4.1.0/installers.json
projects/gensim/4.1.0/python3*.json
projects/gensim/4.1.0/python36.json
projects/gensim/4.1.0/python37.json
projects/gensim/4.1.0/python38.json
projects/gensim/4.1.0/python39.json
projects/gensim/test.py
projects/smart-open/5.2.1/installers.json
projects/smart-open/5.2.1/python3*.json
projects/smart-open/5.2.1/python36.json
projects/smart-open/5.2.1/python37.json
projects/smart-open/5.2.1/python38.json
projects/smart-open/5.2.1/python39.json
projects/smart-open/test.py
projects/sentry-sdk/1.3.1/installers.json
projects/sentry-sdk/1.3.1/python3*.json
projects/sentry-sdk/1.3.1/python36.json
projects/sentry-sdk/1.3.1/python37.json
projects/sentry-sdk/1.3.1/python38.json
projects/sentry-sdk/1.3.1/python39.json
projects/sentry-sdk/test.py
projects/cftime/1.5.0/installers.json
projects/cftime/1.5.0/python3*.json
projects/cftime/1.5.0/python36.json
projects/cftime/1.5.0/python37.json
projects/cftime/1.5.0/python38.json
projects/cftime/1.5.0/python39.json
projects/cftime/test.py
projects/netcdf4/1.5.7/python3*.json
projects/netcdf4/1.5.7/python36.json
projects/netcdf4/1.5.7/python37.json
projects/netcdf4/1.5.7/python38.json
projects/netcdf4/1.5.7/python39.json
projects/netcdf4/test.py
projects/backports-entry-points-selectable/1.1.0/installers.json
projects/backports-entry-points-selectable/1.1.0/python3*.json
projects/backports-entry-points-selectable/1.1.0/python36.json
projects/backports-entry-points-selectable/1.1.0/python37.json
projects/backports-entry-points-selectable/1.1.0/python38.json
projects/backports-entry-points-selectable/1.1.0/python39.json
projects/backports-entry-points-selectable/test.py
projects/platformdirs/2.3.0/python36.json
projects/virtualenv/20.7.2/installers.json
projects/virtualenv/20.7.2/python3*.json
projects/virtualenv/20.7.2/python36.json
projects/virtualenv/20.7.2/python37.json
projects/virtualenv/20.7.2/python38.json
projects/virtualenv/20.7.2/python39.json
projects/virtualenv/test.py
projects/ipython-genutils/0.2.0/python37.json
projects/ipython-genutils/0.2.0/python38.json
projects/ipython-genutils/0.2.0/python39.json
projects/jupyter-core/4.7.1/installers.json
projects/jupyter-core/4.7.1/python3*.json
projects/jupyter-core/4.7.1/python36.json
projects/jupyter-core/4.7.1/python37.json
projects/jupyter-core/4.7.1/python38.json
projects/jupyter-core/4.7.1/python39.json
projects/jupyter-core/test.py
projects/nbformat/5.1.3/installers.json
projects/nbformat/5.1.3/python3*.json
projects/nbformat/5.1.3/python36.json
projects/nbformat/5.1.3/python37.json
projects/nbformat/5.1.3/python38.json
projects/nbformat/5.1.3/python39.json
projects/nbformat/test.py
projects/pywin32/301/installers.json
projects/pywin32/301/python3*.json
projects/pywin32/301/python36.json
projects/pywin32/301/python37.json
projects/pywin32/301/python38.json
projects/pywin32/301/python39.json
projects/pywin32/test.py
projects/pytest-runner/5.3.1/installers.json
projects/pytest-runner/5.3.1/python3*.json
projects/pytest-runner/5.3.1/python36.json
projects/pytest-runner/5.3.1/python37.json
projects/pytest-runner/5.3.1/python38.json
projects/pytest-runner/5.3.1/python39.json
projects/pytest-runner/test.py
projects/faker/8.12.1/installers.json
projects/faker/8.12.1/python3*.json
projects/faker/8.12.1/python36.json
projects/faker/8.12.1/python37.json
projects/faker/8.12.1/python38.json
projects/faker/8.12.1/python39.json
projects/faker/test.py
projects/text-unidecode/1.3/installers.json
projects/text-unidecode/1.3/python3*.json
projects/text-unidecode/1.3/python36.json
projects/text-unidecode/1.3/python37.json
projects/text-unidecode/1.3/python38.json
projects/text-unidecode/1.3/python39.json
projects/text-unidecode/test.py
projects/prometheus-client/0.11.0/installers.json
projects/prometheus-client/0.11.0/python3*.json
projects/prometheus-client/0.11.0/python36.json
projects/prometheus-client/0.11.0/python37.json
projects/prometheus-client/0.11.0/python38.json
projects/prometheus-client/0.11.0/python39.json
projects/prometheus-client/test.py
projects/xgboost/1.4.2/installers.json
projects/xgboost/1.4.2/python3*.json
projects/xgboost/1.4.2/python36.json
projects/xgboost/1.4.2/python37.json
projects/xgboost/1.4.2/python38.json
projects/xgboost/1.4.2/python39.json
projects/xgboost/test.py
projects/feedparser/6.0.8/installers.json
projects/feedparser/6.0.8/python3*.json
projects/feedparser/6.0.8/python36.json
projects/feedparser/6.0.8/python37.json
projects/feedparser/6.0.8/python38.json
projects/feedparser/6.0.8/python39.json
projects/feedparser/test.py
projects/sgmllib3k/1.0.0/installers.json
projects/sgmllib3k/1.0.0/python3*.json
projects/sgmllib3k/1.0.0/python36.json
projects/sgmllib3k/1.0.0/python37.json
projects/sgmllib3k/1.0.0/python38.json
projects/sgmllib3k/1.0.0/python39.json
projects/sgmllib3k/test.py
projects/backoff/1.11.1/installers.json
projects/backoff/1.11.1/python3*.json
projects/backoff/1.11.1/python36.json
projects/backoff/1.11.1/python37.json
projects/backoff/1.11.1/python38.json
projects/backoff/1.11.1/python39.json
projects/backoff/test.py
projects/python-slugify/5.0.2/installers.json
projects/python-slugify/5.0.2/python3*.json
projects/python-slugify/5.0.2/python36.json
projects/python-slugify/5.0.2/python37.json
projects/python-slugify/5.0.2/python38.json
projects/python-slugify/5.0.2/python39.json
projects/python-slugify/test.py
projects/text-unidecode/1.3/installers.json
projects/text-unidecode/1.3/python3*.json
projects/text-unidecode/1.3/python36.json
projects/text-unidecode/1.3/python37.json
projects/text-unidecode/1.3/python38.json
projects/text-unidecode/1.3/python39.json
projects/text-unidecode/test.py
projects/grpcio-tools/1.40.0/python3*.json
projects/grpcio-tools/1.40.0/python36.json
projects/grpcio-tools/1.40.0/python37.json
projects/grpcio-tools/1.40.0/python38.json
projects/grpcio-tools/1.40.0/python39.json
projects/grpcio-tools/test.py
projects/grpcio/1.40.0/installers.json
projects/grpcio/1.40.0/python3*.json
projects/grpcio/1.40.0/python36.json
projects/grpcio/1.40.0/python37.json
projects/grpcio/1.40.0/python38.json
projects/grpcio/1.40.0/python39.json
projects/validators/0.18.2/installers.json
projects/validators/0.18.2/python3*.json
projects/validators/0.18.2/python36.json
projects/validators/0.18.2/python37.json
projects/validators/0.18.2/python38.json
projects/validators/0.18.2/python39.json
projects/validators/test.py
projects/kubernetes/18.20.0/installers.json
projects/kubernetes/18.20.0/python3*.json
projects/kubernetes/18.20.0/python36.json
projects/kubernetes/18.20.0/python37.json
projects/kubernetes/18.20.0/python38.json
projects/kubernetes/18.20.0/python39.json
projects/kubernetes/test.py
projects/astunparse/1.6.3/installers.json
projects/astunparse/1.6.3/python3*.json
projects/astunparse/1.6.3/python36.json
projects/astunparse/1.6.3/python37.json
projects/astunparse/1.6.3/python38.json
projects/astunparse/1.6.3/python39.json
projects/astunparse/test.py
projects/clang/5.0/installers.json
projects/clang/5.0/python3*.json
projects/clang/5.0/python36.json
projects/clang/5.0/python37.json
projects/clang/5.0/python38.json
projects/clang/5.0/python39.json
projects/clang/test.py
projects/flatbuffers/1.12/installers.json
projects/flatbuffers/1.12/python3*.json
projects/flatbuffers/1.12/python36.json
projects/flatbuffers/1.12/python37.json
projects/flatbuffers/1.12/python38.json
projects/flatbuffers/1.12/python39.json
projects/flatbuffers/test.py
projects/gast/0.4.0/installers.json
projects/gast/0.4.0/python3*.json
projects/gast/0.4.0/python36.json
projects/gast/0.4.0/python37.json
projects/gast/0.4.0/python38.json
projects/gast/0.4.0/python39.json
projects/grpcio/1.40.0/installers.json
projects/grpcio/1.40.0/python3*.json
projects/grpcio/1.40.0/python36.json
projects/grpcio/1.40.0/python37.json
projects/grpcio/1.40.0/python38.json
projects/grpcio/1.40.0/python39.json
projects/h5py/3.1.0/installers.json
projects/h5py/3.1.0/python3*.json
projects/h5py/3.1.0/python36.json
projects/h5py/3.1.0/python37.json
projects/h5py/3.1.0/python38.json
projects/h5py/3.1.0/python39.json
projects/keras-preprocessing/1.1.2/installers.json
projects/keras-preprocessing/1.1.2/python3*.json
projects/keras-preprocessing/1.1.2/python36.json
projects/keras-preprocessing/1.1.2/python37.json
projects/keras-preprocessing/1.1.2/python38.json
projects/keras-preprocessing/1.1.2/python39.json
projects/keras-preprocessing/test.py
projects/keras/2.6.0/installers.json
projects/keras/2.6.0/python3*.json
projects/keras/2.6.0/python36.json
projects/keras/2.6.0/python37.json
projects/keras/2.6.0/python38.json
projects/keras/2.6.0/python39.json
projects/keras/test.py
projects/numpy/1.19.5/python37.json
projects/numpy/1.19.5/python38.json
projects/numpy/1.19.5/python39.json
projects/opt-einsum/3.3.0/installers.json
projects/opt-einsum/3.3.0/python3*.json
projects/opt-einsum/3.3.0/python36.json
projects/opt-einsum/3.3.0/python37.json
projects/opt-einsum/3.3.0/python38.json
projects/opt-einsum/3.3.0/python39.json
projects/opt-einsum/test.py
projects/six/1.15.0/installers.json
projects/six/1.15.0/python3*.json
projects/six/1.15.0/python36.json
projects/six/1.15.0/python37.json
projects/six/1.15.0/python38.json
projects/six/1.15.0/python39.json
projects/tensorflow-estimator/2.6.0/installers.json
projects/tensorflow-estimator/2.6.0/python3*.json
projects/tensorflow-estimator/2.6.0/python36.json
projects/tensorflow-estimator/2.6.0/python37.json
projects/tensorflow-estimator/2.6.0/python38.json
projects/tensorflow-estimator/2.6.0/python39.json
projects/tensorflow-estimator/test.py
projects/tensorflow-gpu/2.6.0/installers.json
projects/tensorflow-gpu/2.6.0/python3*.json
projects/tensorflow-gpu/2.6.0/python36.json
projects/tensorflow-gpu/2.6.0/python37.json
projects/tensorflow-gpu/2.6.0/python38.json
projects/tensorflow-gpu/2.6.0/python39.json
projects/tensorflow-gpu/test.py
projects/typing-extensions/3.7.4.3/installers.json
projects/typing-extensions/3.7.4.3/python3*.json
projects/typing-extensions/3.7.4.3/python36.json
projects/typing-extensions/3.7.4.3/python37.json
projects/typing-extensions/3.7.4.3/python38.json
projects/typing-extensions/3.7.4.3/python39.json
projects/progressbar2/3.53.2/installers.json
projects/progressbar2/3.53.2/python3*.json
projects/progressbar2/3.53.2/python36.json
projects/progressbar2/3.53.2/python37.json
projects/progressbar2/3.53.2/python38.json
projects/progressbar2/3.53.2/python39.json
projects/progressbar2/test.py
projects/python-utils/2.5.6/installers.json
projects/python-utils/2.5.6/python3*.json
projects/python-utils/2.5.6/python36.json
projects/python-utils/2.5.6/python37.json
projects/python-utils/2.5.6/python38.json
projects/python-utils/2.5.6/python39.json
projects/python-utils/test.py
projects/discord-py/1.7.3/installers.json
projects/discord-py/1.7.3/python3*.json
projects/discord-py/1.7.3/python36.json
projects/discord-py/1.7.3/python37.json
projects/discord-py/1.7.3/python38.json
projects/discord-py/1.7.3/python39.json
projects/discord-py/test.py
projects/rdflib/6.0.0/installers.json
projects/rdflib/6.0.0/python3*.json
projects/rdflib/6.0.0/python37.json
projects/rdflib/6.0.0/python38.json
projects/rdflib/6.0.0/python39.json
projects/rdflib/test.py
projects/build/0.6.1/installers.json
projects/build/0.6.1/python3*.json
projects/build/0.6.1/python36.json
projects/build/0.6.1/python37.json
projects/build/0.6.1/python38.json
projects/build/0.6.1/python39.json
projects/build/test.py
projects/check-manifest/0.46/python3*.json
projects/check-manifest/0.46/python36.json
projects/check-manifest/0.46/python37.json
projects/check-manifest/0.46/python38.json
projects/check-manifest/0.46/python39.json
projects/check-manifest/test.py
projects/pep517/0.11.0/installers.json
projects/pep517/0.11.0/python3*.json
projects/pep517/0.11.0/python36.json
projects/pep517/0.11.0/python37.json
projects/pep517/0.11.0/python38.json
projects/pep517/0.11.0/python39.json
projects/pep517/test.py
projects/tomli/1.2.1/python36.json
projects/requests-mock/1.9.3/installers.json
projects/requests-mock/1.9.3/python3*.json
projects/requests-mock/1.9.3/python36.json
projects/requests-mock/1.9.3/python37.json
projects/requests-mock/1.9.3/python38.json
projects/requests-mock/1.9.3/python39.json
projects/requests-mock/test.py
projects/bump2version/1.0.1/installers.json
projects/bump2version/1.0.1/python3*.json
projects/bump2version/1.0.1/python36.json
projects/bump2version/1.0.1/python37.json
projects/bump2version/1.0.1/python38.json
projects/bump2version/1.0.1/python39.json
projects/bump2version/test.py
projects/humanize/3.11.0/installers.json
projects/humanize/3.11.0/python3*.json
projects/humanize/3.11.0/python36.json
projects/humanize/3.11.0/python37.json
projects/humanize/3.11.0/python38.json
projects/humanize/3.11.0/python39.json
projects/humanize/test.py
projects/pytest-django/4.4.0/installers.json
projects/pytest-django/4.4.0/python3*.json
projects/pytest-django/4.4.0/python36.json
projects/pytest-django/4.4.0/python37.json
projects/pytest-django/4.4.0/python38.json
projects/pytest-django/4.4.0/python39.json
projects/pytest-django/test.py
projects/pyproj/3.2.0/installers.json
projects/pyproj/3.2.0/python3*.json
projects/pyproj/3.2.0/python37.json
projects/pyproj/3.2.0/python38.json
projects/pyproj/3.2.0/python39.json
projects/pyproj/test.py
projects/paho-mqtt/1.5.1/installers.json
projects/paho-mqtt/1.5.1/python3*.json
projects/paho-mqtt/1.5.1/python36.json
projects/paho-mqtt/1.5.1/python37.json
projects/paho-mqtt/1.5.1/python38.json
projects/paho-mqtt/1.5.1/python39.json
projects/paho-mqtt/test.py
projects/pyside2/5.15.2/installers.json
projects/pyside2/5.15.2/python3*.json
projects/pyside2/5.15.2/python36.json
projects/pyside2/5.15.2/python37.json
projects/pyside2/5.15.2/python38.json
projects/pyside2/5.15.2/python39.json
projects/pyside2/test.py
projects/shiboken2/5.15.2/installers.json
projects/shiboken2/5.15.2/python3*.json
projects/shiboken2/5.15.2/python36.json
projects/shiboken2/5.15.2/python37.json
projects/shiboken2/5.15.2/python38.json
projects/shiboken2/5.15.2/python39.json
projects/shiboken2/test.py
projects/h2/3.2.0/installers.json
projects/h2/3.2.0/python3*.json
projects/h2/3.2.0/python36.json
projects/h2/3.2.0/python37.json
projects/h2/3.2.0/python38.json
projects/h2/3.2.0/python39.json
projects/h2/test.py
projects/hpack/3.0.0/installers.json
projects/hpack/3.0.0/python3*.json
projects/hpack/3.0.0/python36.json
projects/hpack/3.0.0/python37.json
projects/hpack/3.0.0/python38.json
projects/hpack/3.0.0/python39.json
projects/hpack/test.py
projects/hyperframe/5.2.0/installers.json
projects/hyperframe/5.2.0/python3*.json
projects/hyperframe/5.2.0/python36.json
projects/hyperframe/5.2.0/python37.json
projects/hyperframe/5.2.0/python38.json
projects/hyperframe/5.2.0/python39.json
projects/hyperframe/test.py
projects/itemadapter/0.4.0/installers.json
projects/itemadapter/0.4.0/python3*.json
projects/itemadapter/0.4.0/python36.json
projects/itemadapter/0.4.0/python37.json
projects/itemadapter/0.4.0/python38.json
projects/itemadapter/0.4.0/python39.json
projects/itemadapter/test.py
projects/itemloaders/1.0.4/installers.json
projects/itemloaders/1.0.4/python3*.json
projects/itemloaders/1.0.4/python36.json
projects/itemloaders/1.0.4/python37.json
projects/itemloaders/1.0.4/python38.json
projects/itemloaders/1.0.4/python39.json
projects/itemloaders/test.py
projects/priority/1.3.0/installers.json
projects/priority/1.3.0/python3*.json
projects/priority/1.3.0/python36.json
projects/priority/1.3.0/python37.json
projects/priority/1.3.0/python38.json
projects/priority/1.3.0/python39.json
projects/priority/test.py
projects/protego/0.1.16/installers.json
projects/protego/0.1.16/python3*.json
projects/protego/0.1.16/python36.json
projects/protego/0.1.16/python37.json
projects/protego/0.1.16/python38.json
projects/protego/0.1.16/python39.json
projects/protego/test.py
projects/pydispatcher/2.0.5/installers.json
projects/pydispatcher/2.0.5/python3*.json
projects/pydispatcher/2.0.5/python36.json
projects/pydispatcher/2.0.5/python37.json
projects/pydispatcher/2.0.5/python38.json
projects/pydispatcher/2.0.5/python39.json
projects/pydispatcher/test.py
projects/pyopenssl/20.0.1/installers.json
projects/pyopenssl/20.0.1/python3*.json
projects/pyopenssl/20.0.1/python36.json
projects/pyopenssl/20.0.1/python37.json
projects/pyopenssl/20.0.1/python38.json
projects/pyopenssl/20.0.1/python39.json
projects/pyopenssl/test.py
projects/pypydispatcher/2.1.2/installers.json
projects/pypydispatcher/2.1.2/python3*.json
projects/pypydispatcher/2.1.2/python36.json
projects/pypydispatcher/2.1.2/python37.json
projects/pypydispatcher/2.1.2/python38.json
projects/pypydispatcher/2.1.2/python39.json
projects/pypydispatcher/test.py
projects/scrapy/2.5.0/installers.json
projects/scrapy/2.5.0/python3*.json
projects/scrapy/2.5.0/python36.json
projects/scrapy/2.5.0/python37.json
projects/scrapy/2.5.0/python38.json
projects/scrapy/2.5.0/python39.json
projects/scrapy/test.py
projects/service-identity/21.1.0/installers.json
projects/service-identity/21.1.0/python3*.json
projects/service-identity/21.1.0/python36.json
projects/service-identity/21.1.0/python37.json
projects/service-identity/21.1.0/python38.json
projects/service-identity/21.1.0/python39.json
projects/service-identity/test.py
projects/twisted-iocpsupport/1.0.2/installers.json
projects/twisted-iocpsupport/1.0.2/python3*.json
projects/twisted-iocpsupport/1.0.2/python36.json
projects/twisted-iocpsupport/1.0.2/python37.json
projects/twisted-iocpsupport/1.0.2/python38.json
projects/twisted-iocpsupport/1.0.2/python39.json
projects/twisted-iocpsupport/test.py
projects/twisted/21.2.0/installers.json
projects/twisted/21.2.0/python3*.json
projects/twisted/21.2.0/python36.json
projects/twisted/21.7.0/installers.json
projects/twisted/21.7.0/python3*.json
projects/twisted/21.7.0/python37.json
projects/twisted/21.7.0/python38.json
projects/twisted/21.7.0/python39.json
projects/twisted/test.py
projects/zope-component/5.0.1/installers.json
projects/zope-component/5.0.1/python3*.json
projects/zope-component/5.0.1/python36.json
projects/zope-component/5.0.1/python37.json
projects/zope-component/5.0.1/python38.json
projects/zope-component/5.0.1/python39.json
projects/zope-component/test.py
projects/zope-event/4.5.0/installers.json
projects/zope-event/4.5.0/python3*.json
projects/zope-event/4.5.0/python36.json
projects/zope-event/4.5.0/python37.json
projects/zope-event/4.5.0/python38.json
projects/zope-event/4.5.0/python39.json
projects/zope-event/test.py
projects/zope-hookable/5.1.0/installers.json
projects/zope-hookable/5.1.0/python3*.json
projects/zope-hookable/5.1.0/python36.json
projects/zope-hookable/5.1.0/python37.json
projects/zope-hookable/5.1.0/python38.json
projects/zope-hookable/5.1.0/python39.json
projects/zope-hookable/test.py
projects/numexpr/2.7.3/installers.json
projects/numexpr/2.7.3/python3*.json
projects/numexpr/2.7.3/python36.json
projects/numexpr/2.7.3/python37.json
projects/numexpr/2.7.3/python38.json
projects/numexpr/2.7.3/python39.json
projects/numexpr/test.py
projects/tables/3.6.1/python3*.json
projects/tables/3.6.1/python36.json
projects/tables/3.6.1/python37.json
projects/tables/3.6.1/python38.json
projects/tables/3.6.1/python39.json
projects/tables/test.py
projects/hupper/1.10.3/installers.json
projects/hupper/1.10.3/python3*.json
projects/hupper/1.10.3/python36.json
projects/hupper/1.10.3/python37.json
projects/hupper/1.10.3/python38.json
projects/hupper/1.10.3/python39.json
projects/hupper/test.py
projects/pastedeploy/2.1.1/installers.json
projects/pastedeploy/2.1.1/python3*.json
projects/pastedeploy/2.1.1/python36.json
projects/pastedeploy/2.1.1/python37.json
projects/pastedeploy/2.1.1/python38.json
projects/pastedeploy/2.1.1/python39.json
projects/pastedeploy/test.py
projects/plaster-pastedeploy/0.7/installers.json
projects/plaster-pastedeploy/0.7/python3*.json
projects/plaster-pastedeploy/0.7/python36.json
projects/plaster-pastedeploy/0.7/python37.json
projects/plaster-pastedeploy/0.7/python38.json
projects/plaster-pastedeploy/0.7/python39.json
projects/plaster-pastedeploy/test.py
projects/plaster/1.0/installers.json
projects/plaster/1.0/python3*.json
projects/plaster/1.0/python36.json
projects/plaster/1.0/python37.json
projects/plaster/1.0/python38.json
projects/plaster/1.0/python39.json
projects/plaster/test.py
projects/pyramid/2.0/installers.json
projects/pyramid/2.0/python3*.json
projects/pyramid/2.0/python36.json
projects/pyramid/2.0/python37.json
projects/pyramid/2.0/python38.json
projects/pyramid/2.0/python39.json
projects/pyramid/test.py
projects/translationstring/1.4/installers.json
projects/translationstring/1.4/python3*.json
projects/translationstring/1.4/python36.json
projects/translationstring/1.4/python37.json
projects/translationstring/1.4/python38.json
projects/translationstring/1.4/python39.json
projects/translationstring/test.py
projects/venusian/3.0.0/installers.json
projects/venusian/3.0.0/python3*.json
projects/venusian/3.0.0/python36.json
projects/venusian/3.0.0/python37.json
projects/venusian/3.0.0/python38.json
projects/venusian/3.0.0/python39.json
projects/venusian/test.py
projects/zope-deprecation/4.4.0/installers.json
projects/zope-deprecation/4.4.0/python3*.json
projects/zope-deprecation/4.4.0/python36.json
projects/zope-deprecation/4.4.0/python37.json
projects/zope-deprecation/4.4.0/python38.json
projects/zope-deprecation/4.4.0/python39.json
projects/zope-deprecation/test.py
projects/pysam/0.16.0.1/installers.json
projects/pysam/0.16.0.1/python36.json
projects/pysam/test.py
